------------------------------------------------------------
TimeQuest Timing Analyzer Summary
------------------------------------------------------------

Type  : Slow 1200mV 85C Model Setup 'PLL_inst|altpll_component|auto_generated|pll1|clk[2]'
Slack : 0.210
TNS   : 0.000

Type  : Slow 1200mV 85C Model Setup 'PLL_inst|altpll_component|auto_generated|pll1|clk[0]'
Slack : 9.069
TNS   : 0.000

Type  : Slow 1200mV 85C Model Setup 'PLL_inst|altpll_component|auto_generated|pll1|clk[1]'
Slack : 15.925
TNS   : 0.000

Type  : Slow 1200mV 85C Model Hold 'PLL_inst|altpll_component|auto_generated|pll1|clk[0]'
Slack : 0.370
TNS   : 0.000

Type  : Slow 1200mV 85C Model Hold 'PLL_inst|altpll_component|auto_generated|pll1|clk[2]'
Slack : 0.431
TNS   : 0.000

Type  : Slow 1200mV 85C Model Hold 'PLL_inst|altpll_component|auto_generated|pll1|clk[1]'
Slack : 0.434
TNS   : 0.000

Type  : Slow 1200mV 85C Model Minimum Pulse Width 'PLL_inst|altpll_component|auto_generated|pll1|clk[2]'
Slack : 9.715
TNS   : 0.000

Type  : Slow 1200mV 85C Model Minimum Pulse Width 'Clk'
Slack : 9.858
TNS   : 0.000

Type  : Slow 1200mV 85C Model Minimum Pulse Width 'PLL_inst|altpll_component|auto_generated|pll1|clk[1]'
Slack : 19.720
TNS   : 0.000

Type  : Slow 1200mV 85C Model Minimum Pulse Width 'PLL_inst|altpll_component|auto_generated|pll1|clk[0]'
Slack : 559.718
TNS   : 0.000

Type  : Slow 1200mV 0C Model Setup 'PLL_inst|altpll_component|auto_generated|pll1|clk[2]'
Slack : 1.019
TNS   : 0.000

Type  : Slow 1200mV 0C Model Setup 'PLL_inst|altpll_component|auto_generated|pll1|clk[0]'
Slack : 9.721
TNS   : 0.000

Type  : Slow 1200mV 0C Model Setup 'PLL_inst|altpll_component|auto_generated|pll1|clk[1]'
Slack : 16.149
TNS   : 0.000

Type  : Slow 1200mV 0C Model Hold 'PLL_inst|altpll_component|auto_generated|pll1|clk[0]'
Slack : 0.366
TNS   : 0.000

Type  : Slow 1200mV 0C Model Hold 'PLL_inst|altpll_component|auto_generated|pll1|clk[2]'
Slack : 0.380
TNS   : 0.000

Type  : Slow 1200mV 0C Model Hold 'PLL_inst|altpll_component|auto_generated|pll1|clk[1]'
Slack : 0.381
TNS   : 0.000

Type  : Slow 1200mV 0C Model Minimum Pulse Width 'PLL_inst|altpll_component|auto_generated|pll1|clk[2]'
Slack : 9.716
TNS   : 0.000

Type  : Slow 1200mV 0C Model Minimum Pulse Width 'Clk'
Slack : 9.855
TNS   : 0.000

Type  : Slow 1200mV 0C Model Minimum Pulse Width 'PLL_inst|altpll_component|auto_generated|pll1|clk[1]'
Slack : 19.718
TNS   : 0.000

Type  : Slow 1200mV 0C Model Minimum Pulse Width 'PLL_inst|altpll_component|auto_generated|pll1|clk[0]'
Slack : 559.717
TNS   : 0.000

Type  : Fast 1200mV 0C Model Setup 'PLL_inst|altpll_component|auto_generated|pll1|clk[2]'
Slack : 3.494
TNS   : 0.000

Type  : Fast 1200mV 0C Model Setup 'PLL_inst|altpll_component|auto_generated|pll1|clk[0]'
Slack : 14.989
TNS   : 0.000

Type  : Fast 1200mV 0C Model Setup 'PLL_inst|altpll_component|auto_generated|pll1|clk[1]'
Slack : 18.154
TNS   : 0.000

Type  : Fast 1200mV 0C Model Hold 'PLL_inst|altpll_component|auto_generated|pll1|clk[0]'
Slack : 0.089
TNS   : 0.000

Type  : Fast 1200mV 0C Model Hold 'PLL_inst|altpll_component|auto_generated|pll1|clk[2]'
Slack : 0.165
TNS   : 0.000

Type  : Fast 1200mV 0C Model Hold 'PLL_inst|altpll_component|auto_generated|pll1|clk[1]'
Slack : 0.167
TNS   : 0.000

Type  : Fast 1200mV 0C Model Minimum Pulse Width 'Clk'
Slack : 9.423
TNS   : 0.000

Type  : Fast 1200mV 0C Model Minimum Pulse Width 'PLL_inst|altpll_component|auto_generated|pll1|clk[2]'
Slack : 9.734
TNS   : 0.000

Type  : Fast 1200mV 0C Model Minimum Pulse Width 'PLL_inst|altpll_component|auto_generated|pll1|clk[1]'
Slack : 19.734
TNS   : 0.000

Type  : Fast 1200mV 0C Model Minimum Pulse Width 'PLL_inst|altpll_component|auto_generated|pll1|clk[0]'
Slack : 559.744
TNS   : 0.000

------------------------------------------------------------
